
Discarded input sections

 .text          0x00000000        0x0 ..\obj\stm32f4xx_syscfg.o
 .data          0x00000000        0x0 ..\obj\stm32f4xx_syscfg.o
 .bss           0x00000000        0x0 ..\obj\stm32f4xx_syscfg.o
 .text.SYSCFG_DeInit
                0x00000000       0x1c ..\obj\stm32f4xx_syscfg.o
 .text.SYSCFG_MemoryRemapConfig
                0x00000000       0x20 ..\obj\stm32f4xx_syscfg.o
 .text.SYSCFG_ETH_MediaInterfaceConfig
                0x00000000       0x1c ..\obj\stm32f4xx_syscfg.o
 .text.SYSCFG_CompensationCellCmd
                0x00000000       0x20 ..\obj\stm32f4xx_syscfg.o
 .text.SYSCFG_GetCompensationCellStatus
                0x00000000       0x30 ..\obj\stm32f4xx_syscfg.o
 .text          0x00000000        0x0 ..\obj\startup_stm32f4xx.o
 .data          0x00000000        0x0 ..\obj\startup_stm32f4xx.o
 .bss           0x00000000        0x0 ..\obj\startup_stm32f4xx.o
 .text          0x00000000        0x0 ..\obj\main.o
 .data          0x00000000        0x0 ..\obj\main.o
 .text.TM_LEDS_Init
                0x00000000       0x44 ..\obj\main.o
 .text.TM_PWM_Init
                0x00000000       0x38 ..\obj\main.o
 .text          0x00000000        0x0 ..\obj\stm32f4xx_rcc.o
 .data          0x00000000       0x10 ..\obj\stm32f4xx_rcc.o
 .bss           0x00000000        0x0 ..\obj\stm32f4xx_rcc.o
 .text.RCC_DeInit
                0x00000000       0x50 ..\obj\stm32f4xx_rcc.o
 .text.RCC_HSEConfig
                0x00000000       0x24 ..\obj\stm32f4xx_rcc.o
 .text.RCC_WaitForHSEStartUp
                0x00000000       0x50 ..\obj\stm32f4xx_rcc.o
 .text.RCC_AdjustHSICalibrationValue
                0x00000000       0x3c ..\obj\stm32f4xx_rcc.o
 .text.RCC_HSICmd
                0x00000000       0x20 ..\obj\stm32f4xx_rcc.o
 .text.RCC_LSEConfig
                0x00000000       0x40 ..\obj\stm32f4xx_rcc.o
 .text.RCC_LSICmd
                0x00000000       0x20 ..\obj\stm32f4xx_rcc.o
 .text.RCC_PLLConfig
                0x00000000       0x3c ..\obj\stm32f4xx_rcc.o
 .text.RCC_PLLCmd
                0x00000000       0x20 ..\obj\stm32f4xx_rcc.o
 .text.RCC_PLLI2SConfig
                0x00000000       0x28 ..\obj\stm32f4xx_rcc.o
 .text.RCC_PLLI2SCmd
                0x00000000       0x20 ..\obj\stm32f4xx_rcc.o
 .text.RCC_ClockSecuritySystemCmd
                0x00000000       0x20 ..\obj\stm32f4xx_rcc.o
 .text.RCC_MCO1Config
                0x00000000       0x3c ..\obj\stm32f4xx_rcc.o
 .text.RCC_MCO2Config
                0x00000000       0x3c ..\obj\stm32f4xx_rcc.o
 .text.RCC_SYSCLKConfig
                0x00000000       0x38 ..\obj\stm32f4xx_rcc.o
 .text.RCC_GetSYSCLKSource
                0x00000000       0x1c ..\obj\stm32f4xx_rcc.o
 .text.RCC_HCLKConfig
                0x00000000       0x38 ..\obj\stm32f4xx_rcc.o
 .text.RCC_PCLK1Config
                0x00000000       0x38 ..\obj\stm32f4xx_rcc.o
 .text.RCC_PCLK2Config
                0x00000000       0x38 ..\obj\stm32f4xx_rcc.o
 .text.RCC_GetClocksFreq
                0x00000000      0x154 ..\obj\stm32f4xx_rcc.o
 .text.RCC_RTCCLKConfig
                0x00000000       0x5c ..\obj\stm32f4xx_rcc.o
 .text.RCC_RTCCLKCmd
                0x00000000       0x20 ..\obj\stm32f4xx_rcc.o
 .text.RCC_BackupResetCmd
                0x00000000       0x20 ..\obj\stm32f4xx_rcc.o
 .text.RCC_I2SCLKConfig
                0x00000000       0x1c ..\obj\stm32f4xx_rcc.o
 .text.RCC_AHB2PeriphClockCmd
                0x00000000       0x3c ..\obj\stm32f4xx_rcc.o
 .text.RCC_AHB3PeriphClockCmd
                0x00000000       0x3c ..\obj\stm32f4xx_rcc.o
 .text.RCC_AHB1PeriphResetCmd
                0x00000000       0x3c ..\obj\stm32f4xx_rcc.o
 .text.RCC_AHB2PeriphResetCmd
                0x00000000       0x3c ..\obj\stm32f4xx_rcc.o
 .text.RCC_AHB3PeriphResetCmd
                0x00000000       0x3c ..\obj\stm32f4xx_rcc.o
 .text.RCC_APB1PeriphResetCmd
                0x00000000       0x3c ..\obj\stm32f4xx_rcc.o
 .text.RCC_APB2PeriphResetCmd
                0x00000000       0x3c ..\obj\stm32f4xx_rcc.o
 .text.RCC_AHB1PeriphClockLPModeCmd
                0x00000000       0x3c ..\obj\stm32f4xx_rcc.o
 .text.RCC_AHB2PeriphClockLPModeCmd
                0x00000000       0x3c ..\obj\stm32f4xx_rcc.o
 .text.RCC_AHB3PeriphClockLPModeCmd
                0x00000000       0x3c ..\obj\stm32f4xx_rcc.o
 .text.RCC_APB1PeriphClockLPModeCmd
                0x00000000       0x3c ..\obj\stm32f4xx_rcc.o
 .text.RCC_APB2PeriphClockLPModeCmd
                0x00000000       0x3c ..\obj\stm32f4xx_rcc.o
 .text.RCC_ITConfig
                0x00000000       0x4c ..\obj\stm32f4xx_rcc.o
 .text.RCC_GetFlagStatus
                0x00000000       0x74 ..\obj\stm32f4xx_rcc.o
 .text.RCC_ClearFlag
                0x00000000       0x1c ..\obj\stm32f4xx_rcc.o
 .text.RCC_GetITStatus
                0x00000000       0x34 ..\obj\stm32f4xx_rcc.o
 .text.RCC_ClearITPendingBit
                0x00000000       0x20 ..\obj\stm32f4xx_rcc.o
 .text          0x00000000        0x0 ..\obj\stm32f4xx_adc.o
 .data          0x00000000        0x0 ..\obj\stm32f4xx_adc.o
 .bss           0x00000000        0x0 ..\obj\stm32f4xx_adc.o
 .text.ADC_DeInit
                0x00000000       0x1c ..\obj\stm32f4xx_adc.o
 .text.ADC_Init
                0x00000000       0xa8 ..\obj\stm32f4xx_adc.o
 .text.ADC_StructInit
                0x00000000       0x3c ..\obj\stm32f4xx_adc.o
 .text.ADC_CommonInit
                0x00000000       0x50 ..\obj\stm32f4xx_adc.o
 .text.ADC_CommonStructInit
                0x00000000       0x2c ..\obj\stm32f4xx_adc.o
 .text.ADC_Cmd  0x00000000       0x38 ..\obj\stm32f4xx_adc.o
 .text.ADC_AnalogWatchdogCmd
                0x00000000       0x38 ..\obj\stm32f4xx_adc.o
 .text.ADC_AnalogWatchdogThresholdsConfig
                0x00000000       0x28 ..\obj\stm32f4xx_adc.o
 .text.ADC_AnalogWatchdogSingleChannelConfig
                0x00000000       0x38 ..\obj\stm32f4xx_adc.o
 .text.ADC_TempSensorVrefintCmd
                0x00000000       0x38 ..\obj\stm32f4xx_adc.o
 .text.ADC_VBATCmd
                0x00000000       0x38 ..\obj\stm32f4xx_adc.o
 .text.ADC_RegularChannelConfig
                0x00000000      0x194 ..\obj\stm32f4xx_adc.o
 .text.ADC_SoftwareStartConv
                0x00000000       0x20 ..\obj\stm32f4xx_adc.o
 .text.ADC_GetSoftwareStartConvStatus
                0x00000000       0x30 ..\obj\stm32f4xx_adc.o
 .text.ADC_EOCOnEachRegularChannelCmd
                0x00000000       0x38 ..\obj\stm32f4xx_adc.o
 .text.ADC_ContinuousModeCmd
                0x00000000       0x38 ..\obj\stm32f4xx_adc.o
 .text.ADC_DiscModeChannelCountConfig
                0x00000000       0x44 ..\obj\stm32f4xx_adc.o
 .text.ADC_DiscModeCmd
                0x00000000       0x38 ..\obj\stm32f4xx_adc.o
 .text.ADC_GetConversionValue
                0x00000000       0x18 ..\obj\stm32f4xx_adc.o
 .text.ADC_GetMultiModeConversionValue
                0x00000000       0x14 ..\obj\stm32f4xx_adc.o
 .text.ADC_DMACmd
                0x00000000       0x38 ..\obj\stm32f4xx_adc.o
 .text.ADC_DMARequestAfterLastTransferCmd
                0x00000000       0x38 ..\obj\stm32f4xx_adc.o
 .text.ADC_MultiModeDMARequestAfterLastTransferCmd
                0x00000000       0x38 ..\obj\stm32f4xx_adc.o
 .text.ADC_InjectedChannelConfig
                0x00000000      0x120 ..\obj\stm32f4xx_adc.o
 .text.ADC_InjectedSequencerLengthConfig
                0x00000000       0x44 ..\obj\stm32f4xx_adc.o
 .text.ADC_SetInjectedOffset
                0x00000000       0x34 ..\obj\stm32f4xx_adc.o
 .text.ADC_ExternalTrigInjectedConvConfig
                0x00000000       0x34 ..\obj\stm32f4xx_adc.o
 .text.ADC_ExternalTrigInjectedConvEdgeConfig
                0x00000000       0x34 ..\obj\stm32f4xx_adc.o
 .text.ADC_SoftwareStartInjectedConv
                0x00000000       0x20 ..\obj\stm32f4xx_adc.o
 .text.ADC_GetSoftwareStartInjectedConvCmdStatus
                0x00000000       0x30 ..\obj\stm32f4xx_adc.o
 .text.ADC_AutoInjectedConvCmd
                0x00000000       0x38 ..\obj\stm32f4xx_adc.o
 .text.ADC_InjectedDiscModeCmd
                0x00000000       0x38 ..\obj\stm32f4xx_adc.o
 .text.ADC_GetInjectedConversionValue
                0x00000000       0x30 ..\obj\stm32f4xx_adc.o
 .text.ADC_ITConfig
                0x00000000       0x50 ..\obj\stm32f4xx_adc.o
 .text.ADC_GetFlagStatus
                0x00000000       0x34 ..\obj\stm32f4xx_adc.o
 .text.ADC_ClearFlag
                0x00000000       0x20 ..\obj\stm32f4xx_adc.o
 .text.ADC_GetITStatus
                0x00000000       0x5c ..\obj\stm32f4xx_adc.o
 .text.ADC_ClearITPendingBit
                0x00000000       0x2c ..\obj\stm32f4xx_adc.o
 .debug_info    0x00000000      0xc40 ..\obj\stm32f4xx_adc.o
 .debug_abbrev  0x00000000      0x198 ..\obj\stm32f4xx_adc.o
 .debug_aranges
                0x00000000      0x148 ..\obj\stm32f4xx_adc.o
 .debug_ranges  0x00000000      0x138 ..\obj\stm32f4xx_adc.o
 .debug_line    0x00000000      0x57d ..\obj\stm32f4xx_adc.o
 .debug_str     0x00000000      0x804 ..\obj\stm32f4xx_adc.o
 .comment       0x00000000       0x6f ..\obj\stm32f4xx_adc.o
 .debug_frame   0x00000000      0x5ec ..\obj\stm32f4xx_adc.o
 .ARM.attributes
                0x00000000       0x33 ..\obj\stm32f4xx_adc.o
 .text          0x00000000        0x0 ..\obj\stm32f4xx_gpio.o
 .data          0x00000000        0x0 ..\obj\stm32f4xx_gpio.o
 .bss           0x00000000        0x0 ..\obj\stm32f4xx_gpio.o
 .text.GPIO_DeInit
                0x00000000      0x120 ..\obj\stm32f4xx_gpio.o
 .text.GPIO_StructInit
                0x00000000       0x34 ..\obj\stm32f4xx_gpio.o
 .text.GPIO_PinLockConfig
                0x00000000       0x44 ..\obj\stm32f4xx_gpio.o
 .text.GPIO_ReadInputDataBit
                0x00000000       0x34 ..\obj\stm32f4xx_gpio.o
 .text.GPIO_ReadInputData
                0x00000000       0x18 ..\obj\stm32f4xx_gpio.o
 .text.GPIO_ReadOutputDataBit
                0x00000000       0x34 ..\obj\stm32f4xx_gpio.o
 .text.GPIO_ReadOutputData
                0x00000000       0x18 ..\obj\stm32f4xx_gpio.o
 .text.GPIO_SetBits
                0x00000000       0x1c ..\obj\stm32f4xx_gpio.o
 .text.GPIO_ResetBits
                0x00000000       0x1c ..\obj\stm32f4xx_gpio.o
 .text.GPIO_WriteBit
                0x00000000       0x30 ..\obj\stm32f4xx_gpio.o
 .text.GPIO_Write
                0x00000000       0x1c ..\obj\stm32f4xx_gpio.o
 .text          0x00000000        0x0 ..\obj\system_stm32f4xx.o
 .data          0x00000000       0x14 ..\obj\system_stm32f4xx.o
 .bss           0x00000000        0x0 ..\obj\system_stm32f4xx.o
 .text.SystemCoreClockUpdate
                0x00000000       0xf8 ..\obj\system_stm32f4xx.o
 .text          0x00000000        0x0 ..\obj\stm32f4xx_exti.o
 .data          0x00000000        0x0 ..\obj\stm32f4xx_exti.o
 .bss           0x00000000        0x0 ..\obj\stm32f4xx_exti.o
 .text.EXTI_DeInit
                0x00000000       0x34 ..\obj\stm32f4xx_exti.o
 .text.EXTI_StructInit
                0x00000000       0x2c ..\obj\stm32f4xx_exti.o
 .text.EXTI_GenerateSWInterrupt
                0x00000000       0x24 ..\obj\stm32f4xx_exti.o
 .text.EXTI_GetFlagStatus
                0x00000000       0x34 ..\obj\stm32f4xx_exti.o
 .text.EXTI_ClearFlag
                0x00000000       0x1c ..\obj\stm32f4xx_exti.o
 .text          0x00000000        0x0 ..\obj\misc.o
 .data          0x00000000        0x0 ..\obj\misc.o
 .bss           0x00000000        0x0 ..\obj\misc.o
 .text.NVIC_PriorityGroupConfig
                0x00000000       0x24 ..\obj\misc.o
 .text.NVIC_SetVectorTable
                0x00000000       0x2c ..\obj\misc.o
 .text.NVIC_SystemLPConfig
                0x00000000       0x40 ..\obj\misc.o
 .text.SysTick_CLKSourceConfig
                0x00000000       0x38 ..\obj\misc.o
 .text          0x00000000        0x0 ..\obj\stm32f4xx_tim.o
 .data          0x00000000        0x0 ..\obj\stm32f4xx_tim.o
 .bss           0x00000000        0x0 ..\obj\stm32f4xx_tim.o
 .text.TIM_DeInit
                0x00000000      0x1c0 ..\obj\stm32f4xx_tim.o
 .text.TIM_TimeBaseStructInit
                0x00000000       0x34 ..\obj\stm32f4xx_tim.o
 .text.TIM_PrescalerConfig
                0x00000000       0x28 ..\obj\stm32f4xx_tim.o
 .text.TIM_CounterModeConfig
                0x00000000       0x38 ..\obj\stm32f4xx_tim.o
 .text.TIM_SetCounter
                0x00000000       0x1c ..\obj\stm32f4xx_tim.o
 .text.TIM_SetAutoreload
                0x00000000       0x1c ..\obj\stm32f4xx_tim.o
 .text.TIM_GetCounter
                0x00000000       0x18 ..\obj\stm32f4xx_tim.o
 .text.TIM_GetPrescaler
                0x00000000       0x18 ..\obj\stm32f4xx_tim.o
 .text.TIM_UpdateDisableConfig
                0x00000000       0x40 ..\obj\stm32f4xx_tim.o
 .text.TIM_UpdateRequestConfig
                0x00000000       0x40 ..\obj\stm32f4xx_tim.o
 .text.TIM_ARRPreloadConfig
                0x00000000       0x40 ..\obj\stm32f4xx_tim.o
 .text.TIM_SelectOnePulseMode
                0x00000000       0x38 ..\obj\stm32f4xx_tim.o
 .text.TIM_SetClockDivision
                0x00000000       0x38 ..\obj\stm32f4xx_tim.o
 .text.TIM_OC2Init
                0x00000000      0x110 ..\obj\stm32f4xx_tim.o
 .text.TIM_OC3Init
                0x00000000      0x10c ..\obj\stm32f4xx_tim.o
 .text.TIM_OC4Init
                0x00000000       0xcc ..\obj\stm32f4xx_tim.o
 .text.TIM_OCStructInit
                0x00000000       0x44 ..\obj\stm32f4xx_tim.o
 .text.TIM_SelectOCxM
                0x00000000       0xb0 ..\obj\stm32f4xx_tim.o
 .text.TIM_SetCompare1
                0x00000000       0x1c ..\obj\stm32f4xx_tim.o
 .text.TIM_SetCompare2
                0x00000000       0x1c ..\obj\stm32f4xx_tim.o
 .text.TIM_SetCompare3
                0x00000000       0x1c ..\obj\stm32f4xx_tim.o
 .text.TIM_SetCompare4
                0x00000000       0x1c ..\obj\stm32f4xx_tim.o
 .text.TIM_ForcedOC1Config
                0x00000000       0x38 ..\obj\stm32f4xx_tim.o
 .text.TIM_ForcedOC2Config
                0x00000000       0x3c ..\obj\stm32f4xx_tim.o
 .text.TIM_ForcedOC3Config
                0x00000000       0x38 ..\obj\stm32f4xx_tim.o
 .text.TIM_ForcedOC4Config
                0x00000000       0x3c ..\obj\stm32f4xx_tim.o
 .text.TIM_OC2PreloadConfig
                0x00000000       0x3c ..\obj\stm32f4xx_tim.o
 .text.TIM_OC3PreloadConfig
                0x00000000       0x38 ..\obj\stm32f4xx_tim.o
 .text.TIM_OC4PreloadConfig
                0x00000000       0x3c ..\obj\stm32f4xx_tim.o
 .text.TIM_OC1FastConfig
                0x00000000       0x38 ..\obj\stm32f4xx_tim.o
 .text.TIM_OC2FastConfig
                0x00000000       0x3c ..\obj\stm32f4xx_tim.o
 .text.TIM_OC3FastConfig
                0x00000000       0x38 ..\obj\stm32f4xx_tim.o
 .text.TIM_OC4FastConfig
                0x00000000       0x3c ..\obj\stm32f4xx_tim.o
 .text.TIM_ClearOC1Ref
                0x00000000       0x38 ..\obj\stm32f4xx_tim.o
 .text.TIM_ClearOC2Ref
                0x00000000       0x3c ..\obj\stm32f4xx_tim.o
 .text.TIM_ClearOC3Ref
                0x00000000       0x38 ..\obj\stm32f4xx_tim.o
 .text.TIM_ClearOC4Ref
                0x00000000       0x3c ..\obj\stm32f4xx_tim.o
 .text.TIM_OC1PolarityConfig
                0x00000000       0x38 ..\obj\stm32f4xx_tim.o
 .text.TIM_OC1NPolarityConfig
                0x00000000       0x38 ..\obj\stm32f4xx_tim.o
 .text.TIM_OC2PolarityConfig
                0x00000000       0x3c ..\obj\stm32f4xx_tim.o
 .text.TIM_OC2NPolarityConfig
                0x00000000       0x3c ..\obj\stm32f4xx_tim.o
 .text.TIM_OC3PolarityConfig
                0x00000000       0x3c ..\obj\stm32f4xx_tim.o
 .text.TIM_OC3NPolarityConfig
                0x00000000       0x3c ..\obj\stm32f4xx_tim.o
 .text.TIM_OC4PolarityConfig
                0x00000000       0x3c ..\obj\stm32f4xx_tim.o
 .text.TIM_CCxCmd
                0x00000000       0x54 ..\obj\stm32f4xx_tim.o
 .text.TIM_CCxNCmd
                0x00000000       0x54 ..\obj\stm32f4xx_tim.o
 .text.TIM_ICInit
                0x00000000       0xa8 ..\obj\stm32f4xx_tim.o
 .text.TIM_ICStructInit
                0x00000000       0x30 ..\obj\stm32f4xx_tim.o
 .text.TIM_PWMIConfig
                0x00000000       0xb8 ..\obj\stm32f4xx_tim.o
 .text.TIM_GetCapture1
                0x00000000       0x18 ..\obj\stm32f4xx_tim.o
 .text.TIM_GetCapture2
                0x00000000       0x18 ..\obj\stm32f4xx_tim.o
 .text.TIM_GetCapture3
                0x00000000       0x18 ..\obj\stm32f4xx_tim.o
 .text.TIM_GetCapture4
                0x00000000       0x18 ..\obj\stm32f4xx_tim.o
 .text.TIM_SetIC1Prescaler
                0x00000000       0x38 ..\obj\stm32f4xx_tim.o
 .text.TIM_SetIC2Prescaler
                0x00000000       0x3c ..\obj\stm32f4xx_tim.o
 .text.TIM_SetIC3Prescaler
                0x00000000       0x38 ..\obj\stm32f4xx_tim.o
 .text.TIM_SetIC4Prescaler
                0x00000000       0x3c ..\obj\stm32f4xx_tim.o
 .text.TIM_BDTRConfig
                0x00000000       0x50 ..\obj\stm32f4xx_tim.o
 .text.TIM_BDTRStructInit
                0x00000000       0x3c ..\obj\stm32f4xx_tim.o
 .text.TIM_CtrlPWMOutputs
                0x00000000       0x4c ..\obj\stm32f4xx_tim.o
 .text.TIM_SelectCOM
                0x00000000       0x40 ..\obj\stm32f4xx_tim.o
 .text.TIM_CCPreloadControl
                0x00000000       0x40 ..\obj\stm32f4xx_tim.o
 .text.TIM_ITConfig
                0x00000000       0x48 ..\obj\stm32f4xx_tim.o
 .text.TIM_GenerateEvent
                0x00000000       0x1c ..\obj\stm32f4xx_tim.o
 .text.TIM_GetFlagStatus
                0x00000000       0x38 ..\obj\stm32f4xx_tim.o
 .text.TIM_ClearFlag
                0x00000000       0x20 ..\obj\stm32f4xx_tim.o
 .text.TIM_GetITStatus
                0x00000000       0x54 ..\obj\stm32f4xx_tim.o
 .text.TIM_ClearITPendingBit
                0x00000000       0x20 ..\obj\stm32f4xx_tim.o
 .text.TIM_DMAConfig
                0x00000000       0x28 ..\obj\stm32f4xx_tim.o
 .text.TIM_DMACmd
                0x00000000       0x48 ..\obj\stm32f4xx_tim.o
 .text.TIM_SelectCCDMA
                0x00000000       0x40 ..\obj\stm32f4xx_tim.o
 .text.TIM_InternalClockConfig
                0x00000000       0x24 ..\obj\stm32f4xx_tim.o
 .text.TIM_ITRxExternalClockConfig
                0x00000000       0x30 ..\obj\stm32f4xx_tim.o
 .text.TIM_TIxExternalClockConfig
                0x00000000       0x5c ..\obj\stm32f4xx_tim.o
 .text.TIM_ETRClockMode1Config
                0x00000000       0x60 ..\obj\stm32f4xx_tim.o
 .text.TIM_ETRClockMode2Config
                0x00000000       0x40 ..\obj\stm32f4xx_tim.o
 .text.TIM_SelectInputTrigger
                0x00000000       0x38 ..\obj\stm32f4xx_tim.o
 .text.TIM_SelectOutputTrigger
                0x00000000       0x38 ..\obj\stm32f4xx_tim.o
 .text.TIM_SelectSlaveMode
                0x00000000       0x38 ..\obj\stm32f4xx_tim.o
 .text.TIM_SelectMasterSlaveMode
                0x00000000       0x38 ..\obj\stm32f4xx_tim.o
 .text.TIM_ETRConfig
                0x00000000       0x54 ..\obj\stm32f4xx_tim.o
 .text.TIM_EncoderInterfaceConfig
                0x00000000       0x98 ..\obj\stm32f4xx_tim.o
 .text.TIM_SelectHallSensor
                0x00000000       0x40 ..\obj\stm32f4xx_tim.o
 .text.TIM_RemapConfig
                0x00000000       0x20 ..\obj\stm32f4xx_tim.o
 .text.TI1_Config
                0x00000000       0x84 ..\obj\stm32f4xx_tim.o
 .text.TI2_Config
                0x00000000       0x98 ..\obj\stm32f4xx_tim.o
 .text.TI3_Config
                0x00000000       0x90 ..\obj\stm32f4xx_tim.o
 .text.TI4_Config
                0x00000000       0x9c ..\obj\stm32f4xx_tim.o

Memory Configuration

Name             Origin             Length             Attributes
rom              0x08000000         0x00100000         xr
ram              0x20000000         0x00020000         xrw
ram1             0x10000000         0x00010000         xrw
*default*        0x00000000         0xffffffff

Linker script and memory map

                0x20020000                _eram = 0x20020000

.text           0x08000000      0xc60
 *(.isr_vector .isr_vector.*)
 .isr_vector    0x08000000      0x188 ..\obj\startup_stm32f4xx.o
                0x08000000                g_pfnVectors
 *(.text .text.* .gnu.linkonce.t.*)
 .text.SYSCFG_EXTILineConfig
                0x08000188       0x84 ..\obj\stm32f4xx_syscfg.o
                0x08000188                SYSCFG_EXTILineConfig
 .text.Default_Reset_Handler
                0x0800020c       0x5c ..\obj\startup_stm32f4xx.o
                0x0800020c                Default_Reset_Handler
                0x0800020c                Reset_Handler
 .text.Default_Handler
                0x08000268        0x8 ..\obj\startup_stm32f4xx.o
                0x08000268                RTC_Alarm_IRQHandler
                0x08000268                HASH_RNG_IRQHandler
                0x08000268                EXTI2_IRQHandler
                0x08000268                TIM8_CC_IRQHandler
                0x08000268                DebugMon_Handler
                0x08000268                TIM1_CC_IRQHandler
                0x08000268                DMA2_Stream5_IRQHandler
                0x08000268                HardFault_Handler
                0x08000268                DMA1_Stream5_IRQHandler
                0x08000268                SysTick_Handler
                0x08000268                PVD_IRQHandler
                0x08000268                SDIO_IRQHandler
                0x08000268                TAMP_STAMP_IRQHandler
                0x08000268                PendSV_Handler
                0x08000268                NMI_Handler
                0x08000268                CAN2_RX1_IRQHandler
                0x08000268                EXTI3_IRQHandler
                0x08000268                TIM8_TRG_COM_TIM14_IRQHandler
                0x08000268                TIM1_UP_TIM10_IRQHandler
                0x08000268                TIM8_UP_TIM13_IRQHandler
                0x08000268                I2C3_ER_IRQHandler
                0x08000268                I2C2_EV_IRQHandler
                0x08000268                DMA1_Stream2_IRQHandler
                0x08000268                CAN1_RX0_IRQHandler
                0x08000268                FPU_IRQHandler
                0x08000268                OTG_HS_WKUP_IRQHandler
                0x08000268                UsageFault_Handler
                0x08000268                CAN2_SCE_IRQHandler
                0x08000268                DMA2_Stream2_IRQHandler
                0x08000268                SPI1_IRQHandler
                0x08000268                TIM6_DAC_IRQHandler
                0x08000268                TIM1_BRK_TIM9_IRQHandler
                0x08000268                DCMI_IRQHandler
                0x08000268                CAN2_RX0_IRQHandler
                0x08000268                DMA2_Stream3_IRQHandler
                0x08000268                USART6_IRQHandler
                0x08000268                USART3_IRQHandler
                0x08000268                CRYP_IRQHandler
                0x08000268                CAN1_RX1_IRQHandler
                0x08000268                UART5_IRQHandler
                0x08000268                DMA2_Stream0_IRQHandler
                0x08000268                TIM4_IRQHandler
                0x08000268                I2C1_EV_IRQHandler
                0x08000268                DMA1_Stream6_IRQHandler
                0x08000268                DMA1_Stream1_IRQHandler
                0x08000268                UART4_IRQHandler
                0x08000268                TIM3_IRQHandler
                0x08000268                RCC_IRQHandler
                0x08000268                TIM8_BRK_TIM12_IRQHandler
                0x08000268                EXTI15_10_IRQHandler
                0x08000268                ADC_IRQHandler
                0x08000268                DMA1_Stream7_IRQHandler
                0x08000268                TIM7_IRQHandler
                0x08000268                CAN2_TX_IRQHandler
                0x08000268                TIM5_IRQHandler
                0x08000268                DMA2_Stream7_IRQHandler
                0x08000268                I2C3_EV_IRQHandler
                0x08000268                EXTI9_5_IRQHandler
                0x08000268                RTC_WKUP_IRQHandler
                0x08000268                ETH_WKUP_IRQHandler
                0x08000268                SPI2_IRQHandler
                0x08000268                OTG_HS_EP1_IN_IRQHandler
                0x08000268                MemManage_Handler
                0x08000268                DMA1_Stream0_IRQHandler
                0x08000268                CAN1_TX_IRQHandler
                0x08000268                SVC_Handler
                0x08000268                EXTI4_IRQHandler
                0x08000268                FSMC_IRQHandler
                0x08000268                ETH_IRQHandler
                0x08000268                OTG_HS_EP1_OUT_IRQHandler
                0x08000268                WWDG_IRQHandler
                0x08000268                TIM2_IRQHandler
                0x08000268                OTG_FS_WKUP_IRQHandler
                0x08000268                TIM1_TRG_COM_TIM11_IRQHandler
                0x08000268                OTG_HS_IRQHandler
                0x08000268                EXTI1_IRQHandler
                0x08000268                USART2_IRQHandler
                0x08000268                I2C2_ER_IRQHandler
                0x08000268                DMA2_Stream1_IRQHandler
                0x08000268                CAN1_SCE_IRQHandler
                0x08000268                FLASH_IRQHandler
                0x08000268                DMA2_Stream4_IRQHandler
                0x08000268                BusFault_Handler
                0x08000268                USART1_IRQHandler
                0x08000268                OTG_FS_IRQHandler
                0x08000268                SPI3_IRQHandler
                0x08000268                DMA1_Stream4_IRQHandler
                0x08000268                I2C1_ER_IRQHandler
                0x08000268                DMA2_Stream6_IRQHandler
                0x08000268                DMA1_Stream3_IRQHandler
 .text.initialise_leds
                0x08000270       0x3c ..\obj\main.o
                0x08000270                initialise_leds
 .text.Configure_PA0
                0x080002ac       0x80 ..\obj\main.o
                0x080002ac                Configure_PA0
 .text.EXTI0_IRQHandler
                0x0800032c       0x84 ..\obj\main.o
                0x0800032c                EXTI0_IRQHandler
 .text.TIMERInit
                0x080003b0       0x44 ..\obj\main.o
                0x080003b0                TIMERInit
 .text.main     0x080003f4       0x50 ..\obj\main.o
                0x080003f4                main
 .text.RCC_AHB1PeriphClockCmd
                0x08000444       0x3c ..\obj\stm32f4xx_rcc.o
                0x08000444                RCC_AHB1PeriphClockCmd
 .text.RCC_APB1PeriphClockCmd
                0x08000480       0x3c ..\obj\stm32f4xx_rcc.o
                0x08000480                RCC_APB1PeriphClockCmd
 .text.RCC_APB2PeriphClockCmd
                0x080004bc       0x3c ..\obj\stm32f4xx_rcc.o
                0x080004bc                RCC_APB2PeriphClockCmd
 .text.GPIO_Init
                0x080004f8      0x11c ..\obj\stm32f4xx_gpio.o
                0x080004f8                GPIO_Init
 .text.GPIO_ToggleBits
                0x08000614       0x24 ..\obj\stm32f4xx_gpio.o
                0x08000614                GPIO_ToggleBits
 .text.GPIO_PinAFConfig
                0x08000638       0x90 ..\obj\stm32f4xx_gpio.o
                0x08000638                GPIO_PinAFConfig
 .text.SystemInit
                0x080006c8       0x5c ..\obj\system_stm32f4xx.o
                0x080006c8                SystemInit
 .text.SetSysClock
                0x08000724       0xf4 ..\obj\system_stm32f4xx.o
 .text.EXTI_Init
                0x08000818       0xe4 ..\obj\stm32f4xx_exti.o
                0x08000818                EXTI_Init
 .text.EXTI_GetITStatus
                0x080008fc       0x48 ..\obj\stm32f4xx_exti.o
                0x080008fc                EXTI_GetITStatus
 .text.EXTI_ClearITPendingBit
                0x08000944       0x1c ..\obj\stm32f4xx_exti.o
                0x08000944                EXTI_ClearITPendingBit
 .text.NVIC_Init
                0x08000960       0xc0 ..\obj\misc.o
                0x08000960                NVIC_Init
 .text.TIM_TimeBaseInit
                0x08000a20       0xd4 ..\obj\stm32f4xx_tim.o
                0x08000a20                TIM_TimeBaseInit
 .text.TIM_Cmd  0x08000af4       0x40 ..\obj\stm32f4xx_tim.o
                0x08000af4                TIM_Cmd
 .text.TIM_OC1Init
                0x08000b34       0xf4 ..\obj\stm32f4xx_tim.o
                0x08000b34                TIM_OC1Init
 .text.TIM_OC1PreloadConfig
                0x08000c28       0x38 ..\obj\stm32f4xx_tim.o
                0x08000c28                TIM_OC1PreloadConfig
 *(.glue_7t)
 .glue_7t       0x08000c60        0x0 linker stubs
 *(.glue_7)
 .glue_7        0x08000c60        0x0 linker stubs
 *(.rodata .rodata* .gnu.linkonce.r.*)

.vfp11_veneer   0x08000c60        0x0
 .vfp11_veneer  0x08000c60        0x0 linker stubs

.v4_bx          0x08000c60        0x0
 .v4_bx         0x08000c60        0x0 linker stubs

.iplt           0x08000c60        0x0
 .iplt          0x08000c60        0x0 ..\obj\stm32f4xx_syscfg.o

.rel.dyn        0x08000c60        0x0
 .rel.iplt      0x08000c60        0x0 ..\obj\stm32f4xx_syscfg.o

.ARM.extab
 *(.ARM.extab* .gnu.linkonce.armextab.*)
                0x08000c60                __exidx_start = .

.ARM.exidx
 *(.ARM.exidx* .gnu.linkonce.armexidx.*)
                0x08000c60                __exidx_end = .
                0x08000c60                . = ALIGN (0x4)
                0x08000c60                _etext = .
                0x08000c60                _sidata = .

.data           0x20000000        0x0 load address 0x08000c60
                0x20000000                _sdata = .
 *(.data .data.*)
                0x20000000                . = ALIGN (0x4)
                0x20000000                _edata = .

.igot.plt       0x20000000        0x0
 .igot.plt      0x20000000        0x0 ..\obj\stm32f4xx_syscfg.o

.bss            0x20000000        0x4
                0x20000000                _sbss = .
 *(.bss .bss.*)
 .bss           0x20000000        0x4 ..\obj\main.o
 *(COMMON)
                0x20000004                . = ALIGN (0x4)
                0x20000004                _ebss = .

.co_stack       0x20000004      0x804
                0x20000008                . = ALIGN (0x8)
 *fill*         0x20000004        0x4 
 *(.co_stack .co_stack.*)
 .co_stack      0x20000008      0x800 ..\obj\startup_stm32f4xx.o
                0x20000008                pulStack
                0x20000808                . = ALIGN (0x4)
                0x20000808                _end = .
LOAD ..\obj\stm32f4xx_syscfg.o
LOAD ..\obj\startup_stm32f4xx.o
LOAD ..\obj\main.o
LOAD ..\obj\stm32f4xx_rcc.o
LOAD ..\obj\stm32f4xx_adc.o
LOAD ..\obj\stm32f4xx_gpio.o
LOAD ..\obj\system_stm32f4xx.o
LOAD ..\obj\stm32f4xx_exti.o
LOAD ..\obj\misc.o
LOAD ..\obj\stm32f4xx_tim.o
START GROUP
LOAD c:/program files (x86)/gnu tools arm embedded/5.4 2016q3/bin/../lib/gcc/arm-none-eabi/5.4.1/armv7e-m\libgcc.a
LOAD c:/program files (x86)/gnu tools arm embedded/5.4 2016q3/bin/../lib/gcc/arm-none-eabi/5.4.1/../../../../arm-none-eabi/lib/armv7e-m\libg.a
LOAD c:/program files (x86)/gnu tools arm embedded/5.4 2016q3/bin/../lib/gcc/arm-none-eabi/5.4.1/../../../../arm-none-eabi/lib/armv7e-m\libc.a
END GROUP
OUTPUT(extinterrupt1.elf elf32-littlearm)

.debug_info     0x00000000     0x4a87
 .debug_info    0x00000000      0x274 ..\obj\stm32f4xx_syscfg.o
 .debug_info    0x00000274       0xf2 ..\obj\startup_stm32f4xx.o
 .debug_info    0x00000366      0x9c9 ..\obj\main.o
 .debug_info    0x00000d2f      0xc63 ..\obj\stm32f4xx_rcc.o
 .debug_info    0x00001992      0x61a ..\obj\stm32f4xx_gpio.o
 .debug_info    0x00001fac      0x5c5 ..\obj\system_stm32f4xx.o
 .debug_info    0x00002571      0x357 ..\obj\stm32f4xx_exti.o
 .debug_info    0x000028c8      0x556 ..\obj\misc.o
 .debug_info    0x00002e1e     0x1c69 ..\obj\stm32f4xx_tim.o

.debug_abbrev   0x00000000      0xca1
 .debug_abbrev  0x00000000      0x133 ..\obj\stm32f4xx_syscfg.o
 .debug_abbrev  0x00000133       0xb0 ..\obj\startup_stm32f4xx.o
 .debug_abbrev  0x000001e3      0x181 ..\obj\main.o
 .debug_abbrev  0x00000364      0x1e5 ..\obj\stm32f4xx_rcc.o
 .debug_abbrev  0x00000549      0x1a7 ..\obj\stm32f4xx_gpio.o
 .debug_abbrev  0x000006f0      0x138 ..\obj\system_stm32f4xx.o
 .debug_abbrev  0x00000828      0x1a9 ..\obj\stm32f4xx_exti.o
 .debug_abbrev  0x000009d1      0x147 ..\obj\misc.o
 .debug_abbrev  0x00000b18      0x189 ..\obj\stm32f4xx_tim.o

.debug_aranges  0x00000000      0x680
 .debug_aranges
                0x00000000       0x48 ..\obj\stm32f4xx_syscfg.o
 .debug_aranges
                0x00000048       0x28 ..\obj\startup_stm32f4xx.o
 .debug_aranges
                0x00000070       0x50 ..\obj\main.o
 .debug_aranges
                0x000000c0      0x178 ..\obj\stm32f4xx_rcc.o
 .debug_aranges
                0x00000238       0x88 ..\obj\stm32f4xx_gpio.o
 .debug_aranges
                0x000002c0       0x30 ..\obj\system_stm32f4xx.o
 .debug_aranges
                0x000002f0       0x58 ..\obj\stm32f4xx_exti.o
 .debug_aranges
                0x00000348       0x40 ..\obj\misc.o
 .debug_aranges
                0x00000388      0x2f8 ..\obj\stm32f4xx_tim.o

.debug_ranges   0x00000000      0x5f0
 .debug_ranges  0x00000000       0x38 ..\obj\stm32f4xx_syscfg.o
 .debug_ranges  0x00000038       0x18 ..\obj\startup_stm32f4xx.o
 .debug_ranges  0x00000050       0x40 ..\obj\main.o
 .debug_ranges  0x00000090      0x168 ..\obj\stm32f4xx_rcc.o
 .debug_ranges  0x000001f8       0x78 ..\obj\stm32f4xx_gpio.o
 .debug_ranges  0x00000270       0x20 ..\obj\system_stm32f4xx.o
 .debug_ranges  0x00000290       0x48 ..\obj\stm32f4xx_exti.o
 .debug_ranges  0x000002d8       0x30 ..\obj\misc.o
 .debug_ranges  0x00000308      0x2e8 ..\obj\stm32f4xx_tim.o

.debug_line     0x00000000     0x20f0
 .debug_line    0x00000000      0x22b ..\obj\stm32f4xx_syscfg.o
 .debug_line    0x0000022b       0xa1 ..\obj\startup_stm32f4xx.o
 .debug_line    0x000002cc      0x2dd ..\obj\main.o
 .debug_line    0x000005a9      0x5c5 ..\obj\stm32f4xx_rcc.o
 .debug_line    0x00000b6e      0x380 ..\obj\stm32f4xx_gpio.o
 .debug_line    0x00000eee      0x202 ..\obj\system_stm32f4xx.o
 .debug_line    0x000010f0      0x2c1 ..\obj\stm32f4xx_exti.o
 .debug_line    0x000013b1      0x25e ..\obj\misc.o
 .debug_line    0x0000160f      0xae1 ..\obj\stm32f4xx_tim.o

.debug_str      0x00000000     0x22f8
 .debug_str     0x00000000      0x296 ..\obj\stm32f4xx_syscfg.o
                                0x2f4 (size before relaxing)
 .debug_str     0x00000296       0xb0 ..\obj\startup_stm32f4xx.o
                                0x147 (size before relaxing)
 .debug_str     0x00000346      0xa75 ..\obj\main.o
                                0xbf6 (size before relaxing)
 .debug_str     0x00000dbb      0x63c ..\obj\stm32f4xx_rcc.o
                                0x850 (size before relaxing)
 .debug_str     0x000013f7      0x18d ..\obj\stm32f4xx_gpio.o
                                0x4a3 (size before relaxing)
 .debug_str     0x00001584      0x118 ..\obj\system_stm32f4xx.o
                                0x3aa (size before relaxing)
 .debug_str     0x0000169c      0x10d ..\obj\stm32f4xx_exti.o
                                0x359 (size before relaxing)
 .debug_str     0x000017a9      0x151 ..\obj\misc.o
                                0x3ce (size before relaxing)
 .debug_str     0x000018fa      0x9fe ..\obj\stm32f4xx_tim.o
                                0xdd0 (size before relaxing)

.comment        0x00000000       0x6e
 .comment       0x00000000       0x6e ..\obj\stm32f4xx_syscfg.o
                                 0x6f (size before relaxing)
 .comment       0x0000006e       0x6f ..\obj\startup_stm32f4xx.o
 .comment       0x0000006e       0x6f ..\obj\main.o
 .comment       0x0000006e       0x6f ..\obj\stm32f4xx_rcc.o
 .comment       0x0000006e       0x6f ..\obj\stm32f4xx_gpio.o
 .comment       0x0000006e       0x6f ..\obj\system_stm32f4xx.o
 .comment       0x0000006e       0x6f ..\obj\stm32f4xx_exti.o
 .comment       0x0000006e       0x6f ..\obj\misc.o
 .comment       0x0000006e       0x6f ..\obj\stm32f4xx_tim.o

.ARM.attributes
                0x00000000       0x33
 .ARM.attributes
                0x00000000       0x33 ..\obj\stm32f4xx_syscfg.o
 .ARM.attributes
                0x00000033       0x33 ..\obj\startup_stm32f4xx.o
 .ARM.attributes
                0x00000066       0x33 ..\obj\main.o
 .ARM.attributes
                0x00000099       0x33 ..\obj\stm32f4xx_rcc.o
 .ARM.attributes
                0x000000cc       0x33 ..\obj\stm32f4xx_gpio.o
 .ARM.attributes
                0x000000ff       0x33 ..\obj\system_stm32f4xx.o
 .ARM.attributes
                0x00000132       0x33 ..\obj\stm32f4xx_exti.o
 .ARM.attributes
                0x00000165       0x33 ..\obj\misc.o
 .ARM.attributes
                0x00000198       0x33 ..\obj\stm32f4xx_tim.o

.debug_frame    0x00000000     0x1c48
 .debug_frame   0x00000000       0xf4 ..\obj\stm32f4xx_syscfg.o
 .debug_frame   0x000000f4       0x4c ..\obj\startup_stm32f4xx.o
 .debug_frame   0x00000140      0x108 ..\obj\main.o
 .debug_frame   0x00000248      0x6d4 ..\obj\stm32f4xx_rcc.o
 .debug_frame   0x0000091c      0x23c ..\obj\stm32f4xx_gpio.o
 .debug_frame   0x00000b58       0x7c ..\obj\system_stm32f4xx.o
 .debug_frame   0x00000bd4      0x148 ..\obj\stm32f4xx_exti.o
 .debug_frame   0x00000d1c       0xd8 ..\obj\misc.o
 .debug_frame   0x00000df4      0xe54 ..\obj\stm32f4xx_tim.o
